Core Validation & E2E	Run Playwright Tests	﻿2026-09-02T12:22:42.7808679Z ##[group]Run cd apps/web
Core Validation & E2E	Run Playwright Tests	2026-09-02T12:22:42.7809584Z ^[[36;1mcd apps/web^[[0m
Core Validation & E2E	Run Playwright Tests	2026-09-02T12:22:42.7809927Z ^[[36;1mnpx --no-install playwright test --reporter=line,json^[[0m
Core Validation & E2E	Run Playwright Tests	2026-09-02T12:22:42.8013257Z shell: /usr/bin/bash -e {0}
Core Validation & E2E	Run Playwright Tests	2026-09-02T12:22:42.8013591Z env:
Core Validation & E2E	Run Playwright Tests	2026-09-02T12:22:42.8014296Z   NEXT_PUBLIC_SUPABASE_URL: http://127.0.0.1:54321
Core Validation & E2E	Run Playwright Tests	2026-09-02T12:22:42.8015878Z   NEXT_PUBLIC_SUPABASE_ANON_KEY: ***
Core Validation & E2E	Run Playwright Tests	2026-09-02T12:22:42.8016909Z   SUPABASE_SERVICE_ROLE_KEY: ***
Core Validation & E2E	Run Playwright Tests	2026-09-02T12:22:42.8017178Z   PLAYWRIGHT_GIT_COMMIT_INFO: 0
Core Validation & E2E	Run Playwright Tests	2026-09-02T12:22:42.8017501Z   PLAYWRIGHT_JSON_OUTPUT_NAME: playwright-report/results.json
Core Validation & E2E	Run Playwright Tests	2026-09-02T12:22:42.8017845Z ##[endgroup]
Core Validation & E2E	Run Playwright Tests	2026-09-02T12:24:09.6721066Z 
Core Validation & E2E	Run Playwright Tests	2026-09-02T12:24:09.6722256Z Running 626 tests using 1 worker
Core Validation & E2E	Run Playwright Tests	2026-09-02T12:24:09.6722765Z 
Core Validation & E2E	Run Playwright Tests	2026-09-02T12:24:12.4555201Z [1/626] [setup] › e2e/auth.setup.ts:15:8 › authenticate as superadmin
Core Validation & E2E	Run Playwright Tests	2026-09-02T12:24:25.4791737Z [2/626] (retries) [setup] › e2e/auth.setup.ts:15:8 › authenticate as superadmin (retry #1)
Core Validation & E2E	Run Playwright Tests	2026-09-02T12:24:38.4672737Z [3/626] (retries) [setup] › e2e/auth.setup.ts:15:8 › authenticate as superadmin (retry #2)
Core Validation & E2E	Run Playwright Tests	2026-09-02T12:24:48.4318060Z   1) [setup] › e2e/auth.setup.ts:15:8 › authenticate as superadmin ─────────────────────────────────
Core Validation & E2E	Run Playwright Tests	2026-09-02T12:24:48.4318678Z 
Core Validation & E2E	Run Playwright Tests	2026-09-02T12:24:48.4319047Z     TimeoutError: page.waitForURL: Timeout 10000ms exceeded.
Core Validation & E2E	Run Playwright Tests	2026-09-02T12:24:48.4319740Z     =========================== logs ===========================
Core Validation & E2E	Run Playwright Tests	2026-09-02T12:24:48.4320305Z     waiting for navigation to "/" until "load"
Core Validation & E2E	Run Playwright Tests	2026-09-02T12:24:48.4320914Z       navigated to "http://localhost:3000/login"
Core Validation & E2E	Run Playwright Tests	2026-09-02T12:24:48.4321548Z     ============================================================
Core Validation & E2E	Run Playwright Tests	2026-09-02T12:24:48.4321917Z 
Core Validation & E2E	Run Playwright Tests	2026-09-02T12:24:48.4322058Z       23 |
Core Validation & E2E	Run Playwright Tests	2026-09-02T12:24:48.4322405Z       24 |     try {
Core Validation & E2E	Run Playwright Tests	2026-09-02T12:24:48.4322925Z     > 25 |       await page.waitForURL('/', { timeout: 10000 });
Core Validation & E2E	Run Playwright Tests	2026-09-02T12:24:48.4323468Z          |                  ^
Core Validation & E2E	Run Playwright Tests	2026-09-02T12:24:48.4323841Z       26 |     } catch (e) {
Core Validation & E2E	Run Playwright Tests	2026-09-02T12:24:48.4324892Z       27 |       const errorMsg = page.locator('.text-red-500');
Core Validation & E2E	Run Playwright Tests	2026-09-02T12:24:48.4325716Z       28 |       if (await errorMsg.isVisible({ timeout: 2000 })) {
Core Validation & E2E	Run Playwright Tests	2026-09-02T12:24:48.4326312Z         at /mnt/c/Users/krish/actions-runner/_work/ERP-1/ERP-1/apps/web/e2e/auth.setup.ts:25:18
Core Validation & E2E	Run Playwright Tests	2026-09-02T12:24:48.4326682Z 
Core Validation & E2E	Run Playwright Tests	2026-09-02T12:24:48.4327017Z     Error Context: test-results/auth.setup.ts-authenticate-as-superadmin-setup/error-context.md
Core Validation & E2E	Run Playwright Tests	2026-09-02T12:24:48.4327396Z 
Core Validation & E2E	Run Playwright Tests	2026-09-02T12:24:48.4327885Z     Retry #1 ───────────────────────────────────────────────────────────────────────────────────────
Core Validation & E2E	Run Playwright Tests	2026-09-02T12:24:48.4328182Z 
Core Validation & E2E	Run Playwright Tests	2026-09-02T12:24:48.4328378Z     TimeoutError: page.waitForURL: Timeout 10000ms exceeded.
Core Validation & E2E	Run Playwright Tests	2026-09-02T12:24:48.4328855Z     =========================== logs ===========================
Core Validation & E2E	Run Playwright Tests	2026-09-02T12:24:48.4329681Z     waiting for navigation to "/" until "load"
Core Validation & E2E	Run Playwright Tests	2026-09-02T12:24:48.4330190Z       navigated to "http://localhost:3000/login"
Core Validation & E2E	Run Playwright Tests	2026-09-02T12:24:48.4330597Z     ============================================================
Core Validation & E2E	Run Playwright Tests	2026-09-02T12:24:48.4330811Z 
Core Validation & E2E	Run Playwright Tests	2026-09-02T12:24:48.4330898Z       23 |
Core Validation & E2E	Run Playwright Tests	2026-09-02T12:24:48.4331092Z       24 |     try {
Core Validation & E2E	Run Playwright Tests	2026-09-02T12:24:48.4331404Z     > 25 |       await page.waitForURL('/', { timeout: 10000 });
Core Validation & E2E	Run Playwright Tests	2026-09-02T12:24:48.4331723Z          |                  ^
Core Validation & E2E	Run Playwright Tests	2026-09-02T12:24:48.4331958Z       26 |     } catch (e) {
Core Validation & E2E	Run Playwright Tests	2026-09-02T12:24:48.4332285Z       27 |       const errorMsg = page.locator('.text-red-500');
Core Validation & E2E	Run Playwright Tests	2026-09-02T12:24:48.4332682Z       28 |       if (await errorMsg.isVisible({ timeout: 2000 })) {
Core Validation & E2E	Run Playwright Tests	2026-09-02T12:24:48.4333211Z         at /mnt/c/Users/krish/actions-runner/_work/ERP-1/ERP-1/apps/web/e2e/auth.setup.ts:25:18
Core Validation & E2E	Run Playwright Tests	2026-09-02T12:24:48.4333559Z 
Core Validation & E2E	Run Playwright Tests	2026-09-02T12:24:48.4344749Z     Error Context: test-results/auth.setup.ts-authenticate-as-superadmin-setup-retry1/error-context.md
Core Validation & E2E	Run Playwright Tests	2026-09-02T12:24:48.4345376Z 
Core Validation & E2E	Run Playwright Tests	2026-09-02T12:24:48.4346073Z     attachment #2: trace (application/zip) ─────────────────────────────────────────────────────────
Core Validation & E2E	Run Playwright Tests	2026-09-02T12:24:48.4352819Z     test-results/auth.setup.ts-authenticate-as-superadmin-setup-retry1/trace.zip
Core Validation & E2E	Run Playwright Tests	2026-09-02T12:24:48.4353279Z     Usage:
Core Validation & E2E	Run Playwright Tests	2026-09-02T12:24:48.4353401Z 
Core Validation & E2E	Run Playwright Tests	2026-09-02T12:24:48.4353832Z         npx playwright show-trace test-results/auth.setup.ts-authenticate-as-superadmin-setup-retry1/trace.zip
Core Validation & E2E	Run Playwright Tests	2026-09-02T12:24:48.4354299Z 
Core Validation & E2E	Run Playwright Tests	2026-09-02T12:24:48.4354738Z     ────────────────────────────────────────────────────────────────────────────────────────────────
Core Validation & E2E	Run Playwright Tests	2026-09-02T12:24:48.4355044Z 
Core Validation & E2E	Run Playwright Tests	2026-09-02T12:24:48.4355562Z     Retry #2 ───────────────────────────────────────────────────────────────────────────────────────
Core Validation & E2E	Run Playwright Tests	2026-09-02T12:24:48.4355880Z 
Core Validation & E2E	Run Playwright Tests	2026-09-02T12:24:48.4356084Z     TimeoutError: page.waitForURL: Timeout 10000ms exceeded.
Core Validation & E2E	Run Playwright Tests	2026-09-02T12:24:48.4356939Z     =========================== logs ===========================
Core Validation & E2E	Run Playwright Tests	2026-09-02T12:24:48.4357579Z     waiting for navigation to "/" until "load"
Core Validation & E2E	Run Playwright Tests	2026-09-02T12:24:48.4358379Z       navigated to "http://localhost:3000/login"
Core Validation & E2E	Run Playwright Tests	2026-09-02T12:24:48.4358869Z     ============================================================
Core Validation & E2E	Run Playwright Tests	2026-09-02T12:24:48.4359103Z 
Core Validation & E2E	Run Playwright Tests	2026-09-02T12:24:48.4359189Z       23 |
Core Validation & E2E	Run Playwright Tests	2026-09-02T12:24:48.4359391Z       24 |     try {
Core Validation & E2E	Run Playwright Tests	2026-09-02T12:24:48.4359711Z     > 25 |       await page.waitForURL('/', { timeout: 10000 });
Core Validation & E2E	Run Playwright Tests	2026-09-02T12:24:48.4360324Z          |                  ^
Core Validation & E2E	Run Playwright Tests	2026-09-02T12:24:48.4360611Z       26 |     } catch (e) {
Core Validation & E2E	Run Playwright Tests	2026-09-02T12:24:48.4360961Z       27 |       const errorMsg = page.locator('.text-red-500');
Core Validation & E2E	Run Playwright Tests	2026-09-02T12:24:48.4361395Z       28 |       if (await errorMsg.isVisible({ timeout: 2000 })) {
Core Validation & E2E	Run Playwright Tests	2026-09-02T12:24:48.4361937Z         at /mnt/c/Users/krish/actions-runner/_work/ERP-1/ERP-1/apps/web/e2e/auth.setup.ts:25:18
Core Validation & E2E	Run Playwright Tests	2026-09-02T12:24:48.4362291Z 
Core Validation & E2E	Run Playwright Tests	2026-09-02T12:24:48.4362678Z     Error Context: test-results/auth.setup.ts-authenticate-as-superadmin-setup-retry2/error-context.md
Core Validation & E2E	Run Playwright Tests	2026-09-02T12:24:48.4363086Z 
Core Validation & E2E	Run Playwright Tests	2026-09-02T12:24:48.4363124Z 
Core Validation & E2E	Run Playwright Tests	2026-09-02T12:24:50.9039634Z [4/626] [setup] › e2e/auth.setup.ts:15:8 › authenticate as branchadmin
Core Validation & E2E	Run Playwright Tests	2026-09-02T12:25:02.6546236Z [5/626] (retries) [setup] › e2e/auth.setup.ts:15:8 › authenticate as branchadmin (retry #1)
Core Validation & E2E	Run Playwright Tests	2026-09-02T12:25:24.4723358Z [6/626] (retries) [setup] › e2e/auth.setup.ts:15:8 › authenticate as branchadmin (retry #2)
Core Validation & E2E	Run Playwright Tests	2026-09-02T12:25:35.2733675Z   2) [setup] › e2e/auth.setup.ts:15:8 › authenticate as branchadmin ────────────────────────────────
Core Validation & E2E	Run Playwright Tests	2026-09-02T12:25:35.2734699Z 
Core Validation & E2E	Run Playwright Tests	2026-09-02T12:25:35.2735027Z     TimeoutError: page.waitForURL: Timeout 10000ms exceeded.
Core Validation & E2E	Run Playwright Tests	2026-09-02T12:25:35.2735794Z     =========================== logs ===========================
Core Validation & E2E	Run Playwright Tests	2026-09-02T12:25:35.2737049Z     waiting for navigation to "/" until "load"
Core Validation & E2E	Run Playwright Tests	2026-09-02T12:25:35.2738293Z       navigated to "http://localhost:3000/login"
Core Validation & E2E	Run Playwright Tests	2026-09-02T12:25:35.2739010Z     ============================================================
Core Validation & E2E	Run Playwright Tests	2026-09-02T12:25:35.2739390Z 
Core Validation & E2E	Run Playwright Tests	2026-09-02T12:25:35.2739530Z       23 |
Core Validation & E2E	Run Playwright Tests	2026-09-02T12:25:35.2740887Z       24 |     try {
Core Validation & E2E	Run Playwright Tests	2026-09-02T12:25:35.2741350Z     > 25 |       await page.waitForURL('/', { timeout: 10000 });
Core Validation & E2E	Run Playwright Tests	2026-09-02T12:25:35.2741998Z          |                  ^
Core Validation & E2E	Run Playwright Tests	2026-09-02T12:25:35.2742307Z       26 |     } catch (e) {
Core Validation & E2E	Run Playwright Tests	2026-09-02T12:25:35.2742920Z       27 |       const errorMsg = page.locator('.text-red-500');
Core Validation & E2E	Run Playwright Tests	2026-09-02T12:25:35.2743854Z       28 |       if (await errorMsg.isVisible({ timeout: 2000 })) {
Core Validation & E2E	Run Playwright Tests	2026-09-02T12:25:35.2744593Z         at /mnt/c/Users/krish/actions-runner/_work/ERP-1/ERP-1/apps/web/e2e/auth.setup.ts:25:18
Core Validation & E2E	Run Playwright Tests	2026-09-02T12:25:35.2744986Z 
Core Validation & E2E	Run Playwright Tests	2026-09-02T12:25:35.2745519Z     Error Context: test-results/auth.setup.ts-authenticate-as-branchadmin-setup/error-context.md
Core Validation & E2E	Run Playwright Tests	2026-09-02T12:25:35.2746280Z 
Core Validation & E2E	Run Playwright Tests	2026-09-02T12:25:35.2747435Z     Retry #1 ───────────────────────────────────────────────────────────────────────────────────────
Core Validation & E2E	Run Playwright Tests	2026-09-02T12:25:35.2754526Z 
Core Validation & E2E	Run Playwright Tests	2026-09-02T12:25:35.2755054Z     TimeoutError: page.waitForURL: Timeout 10000ms exceeded.
Core Validation & E2E	Run Playwright Tests	2026-09-02T12:25:35.2755928Z     =========================== logs ===========================
Core Validation & E2E	Run Playwright Tests	2026-09-02T12:25:35.2763560Z     waiting for navigation to "/" until "load"
Core Validation & E2E	Run Playwright Tests	2026-09-02T12:25:35.2763983Z       navigated to "http://localhost:3000/login"
Core Validation & E2E	Run Playwright Tests	2026-09-02T12:25:35.2764372Z     ============================================================
Core Validation & E2E	Run Playwright Tests	2026-09-02T12:25:35.2764598Z 
Core Validation & E2E	Run Playwright Tests	2026-09-02T12:25:35.2764687Z       23 |
Core Validation & E2E	Run Playwright Tests	2026-09-02T12:25:35.2764888Z       24 |     try {
Core Validation & E2E	Run Playwright Tests	2026-09-02T12:25:35.2765226Z     > 25 |       await page.waitForURL('/', { timeout: 10000 });
Core Validation & E2E	Run Playwright Tests	2026-09-02T12:25:35.2765559Z          |                  ^
Core Validation & E2E	Run Playwright Tests	2026-09-02T12:25:35.2765808Z       26 |     } catch (e) {
Core Validation & E2E	Run Playwright Tests	2026-09-02T12:25:35.2766143Z       27 |       const errorMsg = page.locator('.text-red-500');
Core Validation & E2E	Run Playwright Tests	2026-09-02T12:25:35.2766601Z       28 |       if (await errorMsg.isVisible({ timeout: 2000 })) {
Core Validation & E2E	Run Playwright Tests	2026-09-02T12:25:35.2767202Z         at /mnt/c/Users/krish/actions-runner/_work/ERP-1/ERP-1/apps/web/e2e/auth.setup.ts:25:18
Core Validation & E2E	Run Playwright Tests	2026-09-02T12:25:35.2767687Z 
Core Validation & E2E	Run Playwright Tests	2026-09-02T12:25:35.2768114Z     Error Context: test-results/auth.setup.ts-authenticate-as-branchadmin-setup-retry1/error-context.md
Core Validation & E2E	Run Playwright Tests	2026-09-02T12:25:35.2768569Z 
Core Validation & E2E	Run Playwright Tests	2026-09-02T12:25:35.2769168Z     attachment #2: trace (application/zip) ─────────────────────────────────────────────────────────
Core Validation & E2E	Run Playwright Tests	2026-09-02T12:25:35.2769842Z     test-results/auth.setup.ts-authenticate-as-branchadmin-setup-retry1/trace.zip
Core Validation & E2E	Run Playwright Tests	2026-09-02T12:25:35.2770273Z     Usage:
Core Validation & E2E	Run Playwright Tests	2026-09-02T12:25:35.2770387Z 
Core Validation & E2E	Run Playwright Tests	2026-09-02T12:25:35.2770802Z         npx playwright show-trace test-results/auth.setup.ts-authenticate-as-branchadmin-setup-retry1/trace.zip
Core Validation & E2E	Run Playwright Tests	2026-09-02T12:25:35.2771252Z 
Core Validation & E2E	Run Playwright Tests	2026-09-02T12:25:35.2771600Z     ────────────────────────────────────────────────────────────────────────────────────────────────
Core Validation & E2E	Run Playwright Tests	2026-09-02T12:25:35.2771895Z 
Core Validation & E2E	Run Playwright Tests	2026-09-02T12:25:35.2772790Z     Retry #2 ───────────────────────────────────────────────────────────────────────────────────────
Core Validation & E2E	Run Playwright Tests	2026-09-02T12:25:35.2773186Z 
Core Validation & E2E	Run Playwright Tests	2026-09-02T12:25:35.2773462Z     TimeoutError: page.waitForURL: Timeout 10000ms exceeded.
Core Validation & E2E	Run Playwright Tests	2026-09-02T12:25:35.2773936Z     =========================== logs ===========================
Core Validation & E2E	Run Playwright Tests	2026-09-02T12:25:35.2774329Z     waiting for navigation to "/" until "load"
Core Validation & E2E	Run Playwright Tests	2026-09-02T12:25:35.2774710Z       navigated to "http://localhost:3000/login"
Core Validation & E2E	Run Playwright Tests	2026-09-02T12:25:35.2775094Z     ============================================================
Core Validation & E2E	Run Playwright Tests	2026-09-02T12:25:35.2775354Z 
Core Validation & E2E	Run Playwright Tests	2026-09-02T12:25:35.2775445Z       23 |
Core Validation & E2E	Run Playwright Tests	2026-09-02T12:25:35.2776203Z       24 |     try {
Core Validation & E2E	Run Playwright Tests	2026-09-02T12:25:35.2776630Z     > 25 |       await page.waitForURL('/', { timeout: 10000 });
Core Validation & E2E	Run Playwright Tests	2026-09-02T12:25:35.2777035Z          |                  ^
Core Validation & E2E	Run Playwright Tests	2026-09-02T12:25:35.2777305Z       26 |     } catch (e) {
Core Validation & E2E	Run Playwright Tests	2026-09-02T12:25:35.2778457Z       27 |       const errorMsg = page.locator('.text-red-500');
Core Validation & E2E	Run Playwright Tests	2026-09-02T12:25:35.2779205Z       28 |       if (await errorMsg.isVisible({ timeout: 2000 })) {
Core Validation & E2E	Run Playwright Tests	2026-09-02T12:25:35.2785375Z         at /mnt/c/Users/krish/actions-runner/_work/ERP-1/ERP-1/apps/web/e2e/auth.setup.ts:25:18
Core Validation & E2E	Run Playwright Tests	2026-09-02T12:25:35.2785910Z 
Core Validation & E2E	Run Playwright Tests	2026-09-02T12:25:35.2786421Z     Error Context: test-results/auth.setup.ts-authenticate-as-branchadmin-setup-retry2/error-context.md
Core Validation & E2E	Run Playwright Tests	2026-09-02T12:25:35.2792223Z 
Core Validation & E2E	Run Playwright Tests	2026-09-02T12:25:35.2792233Z 
Core Validation & E2E	Run Playwright Tests	2026-09-02T12:25:27.4689369Z [7/626] [setup] › e2e/auth.setup.ts:15:8 › authenticate as teacher
Core Validation & E2E	Run Playwright Tests	2026-09-02T12:25:39.4007532Z [8/626] (retries) [setup] › e2e/auth.setup.ts:15:8 › authenticate as teacher (retry #1)
Core Validation & E2E	Run Playwright Tests	2026-09-02T12:25:52.3739789Z [9/626] (retries) [setup] › e2e/auth.setup.ts:15:8 › authenticate as teacher (retry #2)
Core Validation & E2E	Run Playwright Tests	2026-09-02T12:26:02.1783954Z   3) [setup] › e2e/auth.setup.ts:15:8 › authenticate as teacher ────────────────────────────────────
Core Validation & E2E	Run Playwright Tests	2026-09-02T12:26:02.1785341Z 
Core Validation & E2E	Run Playwright Tests	2026-09-02T12:26:02.1785802Z     TimeoutError: page.waitForURL: Timeout 10000ms exceeded.
Core Validation & E2E	Run Playwright Tests	2026-09-02T12:26:02.1787349Z     =========================== logs ===========================
Core Validation & E2E	Run Playwright Tests	2026-09-02T12:26:02.1788288Z     waiting for navigation to "/" until "load"
Core Validation & E2E	Run Playwright Tests	2026-09-02T12:26:02.1789162Z       navigated to "http://localhost:3000/login"
Core Validation & E2E	Run Playwright Tests	2026-09-02T12:26:02.1789667Z     ============================================================
Core Validation & E2E	Run Playwright Tests	2026-09-02T12:26:02.1789974Z 
Core Validation & E2E	Run Playwright Tests	2026-09-02T12:26:02.1790088Z       23 |
Core Validation & E2E	Run Playwright Tests	2026-09-02T12:26:02.1790332Z       24 |     try {
Core Validation & E2E	Run Playwright Tests	2026-09-02T12:26:02.1790733Z     > 25 |       await page.waitForURL('/', { timeout: 10000 });
Core Validation & E2E	Run Playwright Tests	2026-09-02T12:26:02.1791157Z          |                  ^
Core Validation & E2E	Run Playwright Tests	2026-09-02T12:26:02.1791475Z       26 |     } catch (e) {
Core Validation & E2E	Run Playwright Tests	2026-09-02T12:26:02.1792170Z       27 |       const errorMsg = page.locator('.text-red-500');
Core Validation & E2E	Run Playwright Tests	2026-09-02T12:26:02.1793790Z       28 |       if (await errorMsg.isVisible({ timeout: 2000 })) {
Core Validation & E2E	Run Playwright Tests	2026-09-02T12:26:02.1794759Z         at /mnt/c/Users/krish/actions-runner/_work/ERP-1/ERP-1/apps/web/e2e/auth.setup.ts:25:18
Core Validation & E2E	Run Playwright Tests	2026-09-02T12:26:02.1795188Z 
Core Validation & E2E	Run Playwright Tests	2026-09-02T12:26:02.1795584Z     Error Context: test-results/auth.setup.ts-authenticate-as-teacher-setup/error-context.md
Core Validation & E2E	Run Playwright Tests	2026-09-02T12:26:02.1796209Z 
Core Validation & E2E	Run Playwright Tests	2026-09-02T12:26:02.1796818Z     Retry #1 ───────────────────────────────────────────────────────────────────────────────────────
Core Validation & E2E	Run Playwright Tests	2026-09-02T12:26:02.1797567Z 
Core Validation & E2E	Run Playwright Tests	2026-09-02T12:26:02.1797956Z     TimeoutError: page.waitForURL: Timeout 10000ms exceeded.
Core Validation & E2E	Run Playwright Tests	2026-09-02T12:26:02.1798443Z     =========================== logs ===========================
Core Validation & E2E	Run Playwright Tests	2026-09-02T12:26:02.1798830Z     waiting for navigation to "/" until "load"
Core Validation & E2E	Run Playwright Tests	2026-09-02T12:26:02.1800087Z       navigated to "http://localhost:3000/login"
Core Validation & E2E	Run Playwright Tests	2026-09-02T12:26:02.1800991Z     ============================================================
Core Validation & E2E	Run Playwright Tests	2026-09-02T12:26:02.1801456Z 
Core Validation & E2E	Run Playwright Tests	2026-09-02T12:26:02.1801672Z       23 |
Core Validation & E2E	Run Playwright Tests	2026-09-02T12:26:02.1802135Z       24 |     try {
Core Validation & E2E	Run Playwright Tests	2026-09-02T12:26:02.1802833Z     > 25 |       await page.waitForURL('/', { timeout: 10000 });
Core Validation & E2E	Run Playwright Tests	2026-09-02T12:26:02.1803455Z          |                  ^
Core Validation & E2E	Run Playwright Tests	2026-09-02T12:26:02.1803878Z       26 |     } catch (e) {
Core Validation & E2E	Run Playwright Tests	2026-09-02T12:26:02.1804488Z       27 |       const errorMsg = page.locator('.text-red-500');
Core Validation & E2E	Run Playwright Tests	2026-09-02T12:26:02.1805344Z       28 |       if (await errorMsg.isVisible({ timeout: 2000 })) {
Core Validation & E2E	Run Playwright Tests	2026-09-02T12:26:02.1805919Z         at /mnt/c/Users/krish/actions-runner/_work/ERP-1/ERP-1/apps/web/e2e/auth.setup.ts:25:18
Core Validation & E2E	Run Playwright Tests	2026-09-02T12:26:02.1806302Z 
Core Validation & E2E	Run Playwright Tests	2026-09-02T12:26:02.1806955Z     Error Context: test-results/auth.setup.ts-authenticate-as-teacher-setup-retry1/error-context.md
Core Validation & E2E	Run Playwright Tests	2026-09-02T12:26:02.1807852Z 
Core Validation & E2E	Run Playwright Tests	2026-09-02T12:26:02.1808504Z     attachment #2: trace (application/zip) ─────────────────────────────────────────────────────────
Core Validation & E2E	Run Playwright Tests	2026-09-02T12:26:02.1809583Z     test-results/auth.setup.ts-authenticate-as-teacher-setup-retry1/trace.zip
Core Validation & E2E	Run Playwright Tests	2026-09-02T12:26:02.1810319Z     Usage:
Core Validation & E2E	Run Playwright Tests	2026-09-02T12:26:02.1810463Z 
Core Validation & E2E	Run Playwright Tests	2026-09-02T12:26:02.1810983Z         npx playwright show-trace test-results/auth.setup.ts-authenticate-as-teacher-setup-retry1/trace.zip
Core Validation & E2E	Run Playwright Tests	2026-09-02T12:26:02.1811473Z 
Core Validation & E2E	Run Playwright Tests	2026-09-02T12:26:02.1812233Z     ────────────────────────────────────────────────────────────────────────────────────────────────
Core Validation & E2E	Run Playwright Tests	2026-09-02T12:26:02.1818857Z 
Core Validation & E2E	Run Playwright Tests	2026-09-02T12:26:02.1819880Z     Retry #2 ───────────────────────────────────────────────────────────────────────────────────────
Core Validation & E2E	Run Playwright Tests	2026-09-02T12:26:02.1820519Z 
Core Validation & E2E	Run Playwright Tests	2026-09-02T12:26:02.1825537Z     TimeoutError: page.waitForURL: Timeout 10000ms exceeded.
Core Validation & E2E	Run Playwright Tests	2026-09-02T12:26:02.1826117Z     =========================== logs ===========================
Core Validation & E2E	Run Playwright Tests	2026-09-02T12:26:02.1826727Z     waiting for navigation to "/" until "load"
Core Validation & E2E	Run Playwright Tests	2026-09-02T12:26:02.1827572Z       navigated to "http://localhost:3000/login"
Core Validation & E2E	Run Playwright Tests	2026-09-02T12:26:02.1828187Z     ============================================================
Core Validation & E2E	Run Playwright Tests	2026-09-02T12:26:02.1828577Z 
Core Validation & E2E	Run Playwright Tests	2026-09-02T12:26:02.1828743Z       23 |
Core Validation & E2E	Run Playwright Tests	2026-09-02T12:26:02.1829694Z       24 |     try {
Core Validation & E2E	Run Playwright Tests	2026-09-02T12:26:02.1830395Z     > 25 |       await page.waitForURL('/', { timeout: 10000 });
Core Validation & E2E	Run Playwright Tests	2026-09-02T12:26:02.1831305Z          |                  ^
Core Validation & E2E	Run Playwright Tests	2026-09-02T12:26:02.1831885Z       26 |     } catch (e) {
Core Validation & E2E	Run Playwright Tests	2026-09-02T12:26:02.1832349Z       27 |       const errorMsg = page.locator('.text-red-500');
Core Validation & E2E	Run Playwright Tests	2026-09-02T12:26:02.1833126Z       28 |       if (await errorMsg.isVisible({ timeout: 2000 })) {
Core Validation & E2E	Run Playwright Tests	2026-09-02T12:26:02.1833766Z         at /mnt/c/Users/krish/actions-runner/_work/ERP-1/ERP-1/apps/web/e2e/auth.setup.ts:25:18
Core Validation & E2E	Run Playwright Tests	2026-09-02T12:26:02.1834160Z 
Core Validation & E2E	Run Playwright Tests	2026-09-02T12:26:02.1834551Z     Error Context: test-results/auth.setup.ts-authenticate-as-teacher-setup-retry2/error-context.md
Core Validation & E2E	Run Playwright Tests	2026-09-02T12:26:02.1834981Z 
Core Validation & E2E	Run Playwright Tests	2026-09-02T12:26:02.1834989Z 
Core Validation & E2E	Run Playwright Tests	2026-09-02T12:26:04.2277408Z [10/626] [setup] › e2e/auth.setup.ts:15:8 › authenticate as teacher2
Core Validation & E2E	Run Playwright Tests	2026-09-02T12:26:16.7429224Z [11/626] (retries) [setup] › e2e/auth.setup.ts:15:8 › authenticate as teacher2 (retry #1)
Core Validation & E2E	Run Playwright Tests	2026-09-02T12:26:39.2360350Z [12/626] (retries) [setup] › e2e/auth.setup.ts:15:8 › authenticate as teacher2 (retry #2)
Core Validation & E2E	Run Playwright Tests	2026-09-02T12:26:39.1296623Z   4) [setup] › e2e/auth.setup.ts:15:8 › authenticate as teacher2 ───────────────────────────────────
Core Validation & E2E	Run Playwright Tests	2026-09-02T12:26:39.1297812Z 
Core Validation & E2E	Run Playwright Tests	2026-09-02T12:26:39.1298949Z     TimeoutError: page.waitForURL: Timeout 10000ms exceeded.
Core Validation & E2E	Run Playwright Tests	2026-09-02T12:26:39.1299793Z     =========================== logs ===========================
Core Validation & E2E	Run Playwright Tests	2026-09-02T12:26:39.1301010Z     waiting for navigation to "/" until "load"
Core Validation & E2E	Run Playwright Tests	2026-09-02T12:26:39.1301684Z       navigated to "http://localhost:3000/login"
Core Validation & E2E	Run Playwright Tests	2026-09-02T12:26:39.1302544Z     ============================================================
Core Validation & E2E	Run Playwright Tests	2026-09-02T12:26:39.1302801Z 
Core Validation & E2E	Run Playwright Tests	2026-09-02T12:26:39.1302891Z       23 |
Core Validation & E2E	Run Playwright Tests	2026-09-02T12:26:39.1303356Z       24 |     try {
Core Validation & E2E	Run Playwright Tests	2026-09-02T12:26:39.1304016Z     > 25 |       await page.waitForURL('/', { timeout: 10000 });
Core Validation & E2E	Run Playwright Tests	2026-09-02T12:26:39.1304946Z          |                  ^
Core Validation & E2E	Run Playwright Tests	2026-09-02T12:26:39.1305279Z       26 |     } catch (e) {
Core Validation & E2E	Run Playwright Tests	2026-09-02T12:26:39.1305941Z       27 |       const errorMsg = page.locator('.text-red-500');
Core Validation & E2E	Run Playwright Tests	2026-09-02T12:26:39.1306934Z       28 |       if (await errorMsg.isVisible({ timeout: 2000 })) {
Core Validation & E2E	Run Playwright Tests	2026-09-02T12:26:39.1307843Z         at /mnt/c/Users/krish/actions-runner/_work/ERP-1/ERP-1/apps/web/e2e/auth.setup.ts:25:18
Core Validation & E2E	Run Playwright Tests	2026-09-02T12:26:39.1318895Z 
Core Validation & E2E	Run Playwright Tests	2026-09-02T12:26:39.1319583Z     Error Context: test-results/auth.setup.ts-authenticate-as-teacher2-setup/error-context.md
Core Validation & E2E	Run Playwright Tests	2026-09-02T12:26:39.1320232Z 
Core Validation & E2E	Run Playwright Tests	2026-09-02T12:26:39.1328609Z     Retry #1 ───────────────────────────────────────────────────────────────────────────────────────
Core Validation & E2E	Run Playwright Tests	2026-09-02T12:26:39.1330512Z 
Core Validation & E2E	Run Playwright Tests	2026-09-02T12:26:39.1331256Z     TimeoutError: page.waitForURL: Timeout 10000ms exceeded.
Core Validation & E2E	Run Playwright Tests	2026-09-02T12:26:39.1332402Z     =========================== logs ===========================
Core Validation & E2E	Run Playwright Tests	2026-09-02T12:26:39.1333461Z     waiting for navigation to "/" until "load"
Core Validation & E2E	Run Playwright Tests	2026-09-02T12:26:39.1334799Z       navigated to "http://localhost:3000/login"
Core Validation & E2E	Run Playwright Tests	2026-09-02T12:26:39.1335483Z     ============================================================
Core Validation & E2E	Run Playwright Tests	2026-09-02T12:26:39.1335869Z 
Core Validation & E2E	Run Playwright Tests	2026-09-02T12:26:39.1336049Z       23 |
Core Validation & E2E	Run Playwright Tests	2026-09-02T12:26:39.1336713Z       24 |     try {
Core Validation & E2E	Run Playwright Tests	2026-09-02T12:26:39.1337394Z     > 25 |       await page.waitForURL('/', { timeout: 10000 });
Core Validation & E2E	Run Playwright Tests	2026-09-02T12:26:39.1338284Z          |                  ^
Core Validation & E2E	Run Playwright Tests	2026-09-02T12:26:39.1339082Z       26 |     } catch (e) {
Core Validation & E2E	Run Playwright Tests	2026-09-02T12:26:39.1340042Z       27 |       const errorMsg = page.locator('.text-red-500');
Core Validation & E2E	Run Playwright Tests	2026-09-02T12:26:39.1340886Z       28 |       if (await errorMsg.isVisible({ timeout: 2000 })) {
Core Validation & E2E	Run Playwright Tests	2026-09-02T12:26:39.1342014Z         at /mnt/c/Users/krish/actions-runner/_work/ERP-1/ERP-1/apps/web/e2e/auth.setup.ts:25:18
Core Validation & E2E	Run Playwright Tests	2026-09-02T12:26:39.1342663Z 
Core Validation & E2E	Run Playwright Tests	2026-09-02T12:26:39.1343412Z     Error Context: test-results/auth.setup.ts-authenticate-as-teacher2-setup-retry1/error-context.md
Core Validation & E2E	Run Playwright Tests	2026-09-02T12:26:39.1344284Z 
Core Validation & E2E	Run Playwright Tests	2026-09-02T12:26:39.1345578Z     attachment #2: trace (application/zip) ─────────────────────────────────────────────────────────
Core Validation & E2E	Run Playwright Tests	2026-09-02T12:26:39.1347172Z     test-results/auth.setup.ts-authenticate-as-teacher2-setup-retry1/trace.zip
Core Validation & E2E	Run Playwright Tests	2026-09-02T12:26:39.1348589Z     Usage:
Core Validation & E2E	Run Playwright Tests	2026-09-02T12:26:39.1348852Z 
Core Validation & E2E	Run Playwright Tests	2026-09-02T12:26:39.1350388Z         npx playwright show-trace test-results/auth.setup.ts-authenticate-as-teacher2-setup-retry1/trace.zip
Core Validation & E2E	Run Playwright Tests	2026-09-02T12:26:39.1352283Z 
Core Validation & E2E	Run Playwright Tests	2026-09-02T12:26:39.1352975Z     ────────────────────────────────────────────────────────────────────────────────────────────────
Core Validation & E2E	Run Playwright Tests	2026-09-02T12:26:39.1353786Z 
Core Validation & E2E	Run Playwright Tests	2026-09-02T12:26:39.1354364Z     Retry #2 ───────────────────────────────────────────────────────────────────────────────────────
Core Validation & E2E	Run Playwright Tests	2026-09-02T12:26:39.1381392Z 
Core Validation & E2E	Run Playwright Tests	2026-09-02T12:26:39.1382137Z     TimeoutError: page.waitForURL: Timeout 10000ms exceeded.
Core Validation & E2E	Run Playwright Tests	2026-09-02T12:26:39.1383629Z     =========================== logs ===========================
Core Validation & E2E	Run Playwright Tests	2026-09-02T12:26:39.1384388Z     waiting for navigation to "/" until "load"
Core Validation & E2E	Run Playwright Tests	2026-09-02T12:26:39.1385115Z       navigated to "http://localhost:3000/login"
Core Validation & E2E	Run Playwright Tests	2026-09-02T12:26:39.1385760Z     ============================================================
Core Validation & E2E	Run Playwright Tests	2026-09-02T12:26:39.1386225Z 
Core Validation & E2E	Run Playwright Tests	2026-09-02T12:26:39.1386430Z       23 |
Core Validation & E2E	Run Playwright Tests	2026-09-02T12:26:39.1386852Z       24 |     try {
Core Validation & E2E	Run Playwright Tests	2026-09-02T12:26:39.1387479Z     > 25 |       await page.waitForURL('/', { timeout: 10000 });
Core Validation & E2E	Run Playwright Tests	2026-09-02T12:26:39.1388236Z          |                  ^
Core Validation & E2E	Run Playwright Tests	2026-09-02T12:26:39.1388810Z       26 |     } catch (e) {
Core Validation & E2E	Run Playwright Tests	2026-09-02T12:26:39.1389433Z       27 |       const errorMsg = page.locator('.text-red-500');
Core Validation & E2E	Run Playwright Tests	2026-09-02T12:26:39.1390224Z       28 |       if (await errorMsg.isVisible({ timeout: 2000 })) {
Core Validation & E2E	Run Playwright Tests	2026-09-02T12:26:39.1391107Z         at /mnt/c/Users/krish/actions-runner/_work/ERP-1/ERP-1/apps/web/e2e/auth.setup.ts:25:18
Core Validation & E2E	Run Playwright Tests	2026-09-02T12:26:39.1391518Z 
Core Validation & E2E	Run Playwright Tests	2026-09-02T12:26:39.1391923Z     Error Context: test-results/auth.setup.ts-authenticate-as-teacher2-setup-retry2/error-context.md
Core Validation & E2E	Run Playwright Tests	2026-09-02T12:26:39.1392356Z 
Core Validation & E2E	Run Playwright Tests	2026-09-02T12:26:39.1392363Z 
Core Validation & E2E	Run Playwright Tests	2026-09-02T12:26:41.7711070Z [13/626] [setup] › e2e/auth.setup.ts:15:8 › authenticate as teacher_limit
Core Validation & E2E	Run Playwright Tests	2026-09-02T12:26:53.6423301Z [14/626] (retries) [setup] › e2e/auth.setup.ts:15:8 › authenticate as teacher_limit (retry #1)
Core Validation & E2E	Run Playwright Tests	2026-09-02T12:27:06.4124503Z [15/626] (retries) [setup] › e2e/auth.setup.ts:15:8 › authenticate as teacher_limit (retry #2)
Core Validation & E2E	Run Playwright Tests	2026-09-02T12:27:16.1735916Z   5) [setup] › e2e/auth.setup.ts:15:8 › authenticate as teacher_limit ──────────────────────────────
Core Validation & E2E	Run Playwright Tests	2026-09-02T12:27:16.1736505Z 
Core Validation & E2E	Run Playwright Tests	2026-09-02T12:27:16.1736750Z     TimeoutError: page.waitForURL: Timeout 10000ms exceeded.
Core Validation & E2E	Run Playwright Tests	2026-09-02T12:27:16.1741237Z     =========================== logs ===========================
Core Validation & E2E	Run Playwright Tests	2026-09-02T12:27:16.1742030Z     waiting for navigation to "/" until "load"
Core Validation & E2E	Run Playwright Tests	2026-09-02T12:27:16.1742444Z       navigated to "http://localhost:3000/login"
Core Validation & E2E	Run Playwright Tests	2026-09-02T12:27:16.1742818Z     ============================================================
Core Validation & E2E	Run Playwright Tests	2026-09-02T12:27:16.1743038Z 
Core Validation & E2E	Run Playwright Tests	2026-09-02T12:27:16.1743122Z       23 |
Core Validation & E2E	Run Playwright Tests	2026-09-02T12:27:16.1743322Z       24 |     try {
Core Validation & E2E	Run Playwright Tests	2026-09-02T12:27:16.1743644Z     > 25 |       await page.waitForURL('/', { timeout: 10000 });
Core Validation & E2E	Run Playwright Tests	2026-09-02T12:27:16.1744128Z          |                  ^
Core Validation & E2E	Run Playwright Tests	2026-09-02T12:27:16.1744414Z       26 |     } catch (e) {
Core Validation & E2E	Run Playwright Tests	2026-09-02T12:27:16.1744762Z       27 |       const errorMsg = page.locator('.text-red-500');
Core Validation & E2E	Run Playwright Tests	2026-09-02T12:27:16.1745483Z       28 |       if (await errorMsg.isVisible({ timeout: 2000 })) {
Core Validation & E2E	Run Playwright Tests	2026-09-02T12:27:16.1746152Z         at /mnt/c/Users/krish/actions-runner/_work/ERP-1/ERP-1/apps/web/e2e/auth.setup.ts:25:18
Core Validation & E2E	Run Playwright Tests	2026-09-02T12:27:16.1746546Z 
Core Validation & E2E	Run Playwright Tests	2026-09-02T12:27:16.1746922Z     Error Context: test-results/auth.setup.ts-authenticate-as-teacher-limit-setup/error-context.md
Core Validation & E2E	Run Playwright Tests	2026-09-02T12:27:16.1747326Z 
Core Validation & E2E	Run Playwright Tests	2026-09-02T12:27:16.1747850Z     Retry #1 ───────────────────────────────────────────────────────────────────────────────────────
Core Validation & E2E	Run Playwright Tests	2026-09-02T12:27:16.1749219Z 
Core Validation & E2E	Run Playwright Tests	2026-09-02T12:27:16.1749940Z     TimeoutError: page.waitForURL: Timeout 10000ms exceeded.
Core Validation & E2E	Run Playwright Tests	2026-09-02T12:27:16.1750752Z     =========================== logs ===========================
Core Validation & E2E	Run Playwright Tests	2026-09-02T12:27:16.1751437Z     waiting for navigation to "/" until "load"
Core Validation & E2E	Run Playwright Tests	2026-09-02T12:27:16.1752325Z       navigated to "http://localhost:3000/login"
Core Validation & E2E	Run Playwright Tests	2026-09-02T12:27:16.1752816Z     ============================================================
Core Validation & E2E	Run Playwright Tests	2026-09-02T12:27:16.1753298Z 
Core Validation & E2E	Run Playwright Tests	2026-09-02T12:27:16.1753486Z       23 |
Core Validation & E2E	Run Playwright Tests	2026-09-02T12:27:16.1753872Z       24 |     try {
Core Validation & E2E	Run Playwright Tests	2026-09-02T12:27:16.1754969Z     > 25 |       await page.waitForURL('/', { timeout: 10000 });
Core Validation & E2E	Run Playwright Tests	2026-09-02T12:27:16.1755432Z          |                  ^
Core Validation & E2E	Run Playwright Tests	2026-09-02T12:27:16.1756004Z       26 |     } catch (e) {
Core Validation & E2E	Run Playwright Tests	2026-09-02T12:27:16.1756383Z       27 |       const errorMsg = page.locator('.text-red-500');
Core Validation & E2E	Run Playwright Tests	2026-09-02T12:27:16.1756862Z       28 |       if (await errorMsg.isVisible({ timeout: 2000 })) {
Core Validation & E2E	Run Playwright Tests	2026-09-02T12:27:16.1757593Z         at /mnt/c/Users/krish/actions-runner/_work/ERP-1/ERP-1/apps/web/e2e/auth.setup.ts:25:18
Core Validation & E2E	Run Playwright Tests	2026-09-02T12:27:16.1758116Z 
Core Validation & E2E	Run Playwright Tests	2026-09-02T12:27:16.1761339Z     Error Context: test-results/auth.setup.ts-authenticate-as-teacher-limit-setup-retry1/error-context.md
Core Validation & E2E	Run Playwright Tests	2026-09-02T12:27:16.1761778Z 
Core Validation & E2E	Run Playwright Tests	2026-09-02T12:27:16.1762347Z     attachment #2: trace (application/zip) ─────────────────────────────────────────────────────────
Core Validation & E2E	Run Playwright Tests	2026-09-02T12:27:16.1763050Z     test-results/auth.setup.ts-authenticate-as-teacher-limit-setup-retry1/trace.zip
Core Validation & E2E	Run Playwright Tests	2026-09-02T12:27:16.1768178Z     Usage:
Core Validation & E2E	Run Playwright Tests	2026-09-02T12:27:16.1768327Z 
Core Validation & E2E	Run Playwright Tests	2026-09-02T12:27:16.1768770Z         npx playwright show-trace test-results/auth.setup.ts-authenticate-as-teacher-limit-setup-retry1/trace.zip
Core Validation & E2E	Run Playwright Tests	2026-09-02T12:27:16.1773405Z 
Core Validation & E2E	Run Playwright Tests	2026-09-02T12:27:16.1773895Z     ────────────────────────────────────────────────────────────────────────────────────────────────
Core Validation & E2E	Run Playwright Tests	2026-09-02T12:27:16.1774235Z 
Core Validation & E2E	Run Playwright Tests	2026-09-02T12:27:16.1775047Z     Retry #2 ───────────────────────────────────────────────────────────────────────────────────────
Core Validation & E2E	Run Playwright Tests	2026-09-02T12:27:16.1775973Z 
Core Validation & E2E	Run Playwright Tests	2026-09-02T12:27:16.1776244Z     TimeoutError: page.waitForURL: Timeout 10000ms exceeded.
Core Validation & E2E	Run Playwright Tests	2026-09-02T12:27:16.1777324Z     =========================== logs ===========================
Core Validation & E2E	Run Playwright Tests	2026-09-02T12:27:16.1777784Z     waiting for navigation to "/" until "load"
Core Validation & E2E	Run Playwright Tests	2026-09-02T12:27:16.1778158Z       navigated to "http://localhost:3000/login"
Core Validation & E2E	Run Playwright Tests	2026-09-02T12:27:16.1778519Z     ============================================================
Core Validation & E2E	Run Playwright Tests	2026-09-02T12:27:16.1778753Z 
Core Validation & E2E	Run Playwright Tests	2026-09-02T12:27:16.1778841Z       23 |
Core Validation & E2E	Run Playwright Tests	2026-09-02T12:27:16.1779037Z       24 |     try {
Core Validation & E2E	Run Playwright Tests	2026-09-02T12:27:16.1779633Z     > 25 |       await page.waitForURL('/', { timeout: 10000 });
Core Validation & E2E	Run Playwright Tests	2026-09-02T12:27:16.1780128Z          |                  ^
Core Validation & E2E	Run Playwright Tests	2026-09-02T12:27:16.1780387Z       26 |     } catch (e) {
Core Validation & E2E	Run Playwright Tests	2026-09-02T12:27:16.1781075Z       27 |       const errorMsg = page.locator('.text-red-500');
Core Validation & E2E	Run Playwright Tests	2026-09-02T12:27:16.1781535Z       28 |       if (await errorMsg.isVisible({ timeout: 2000 })) {
Core Validation & E2E	Run Playwright Tests	2026-09-02T12:27:16.1782107Z         at /mnt/c/Users/krish/actions-runner/_work/ERP-1/ERP-1/apps/web/e2e/auth.setup.ts:25:18
Core Validation & E2E	Run Playwright Tests	2026-09-02T12:27:16.1782472Z 
Core Validation & E2E	Run Playwright Tests	2026-09-02T12:27:16.1782893Z     Error Context: test-results/auth.setup.ts-authenticate-as-teacher-limit-setup-retry2/error-context.md
Core Validation & E2E	Run Playwright Tests	2026-09-02T12:27:16.1783586Z 
Core Validation & E2E	Run Playwright Tests	2026-09-02T12:27:16.1783601Z 
Core Validation & E2E	Run Playwright Tests	2026-09-02T12:27:18.1706048Z [16/626] [setup] › e2e/auth.setup.ts:15:8 › authenticate as guardian
Core Validation & E2E	Run Playwright Tests	2026-09-02T12:27:30.3383156Z [17/626] (retries) [setup] › e2e/auth.setup.ts:15:8 › authenticate as guardian (retry #1)
Core Validation & E2E	Run Playwright Tests	2026-09-02T12:27:51.6247336Z [18/626] (retries) [setup] › e2e/auth.setup.ts:15:8 › authenticate as guardian (retry #2)
Core Validation & E2E	Run Playwright Tests	2026-09-02T12:27:52.9788403Z   6) [setup] › e2e/auth.setup.ts:15:8 › authenticate as guardian ───────────────────────────────────
Core Validation & E2E	Run Playwright Tests	2026-09-02T12:27:52.9789309Z 
Core Validation & E2E	Run Playwright Tests	2026-09-02T12:27:52.9789708Z     TimeoutError: page.waitForURL: Timeout 10000ms exceeded.
Core Validation & E2E	Run Playwright Tests	2026-09-02T12:27:52.9790496Z     =========================== logs ===========================
Core Validation & E2E	Run Playwright Tests	2026-09-02T12:27:52.9791173Z     waiting for navigation to "/" until "load"
Core Validation & E2E	Run Playwright Tests	2026-09-02T12:27:52.9791856Z       navigated to "http://localhost:3000/login"
Core Validation & E2E	Run Playwright Tests	2026-09-02T12:27:52.9792532Z     ============================================================
Core Validation & E2E	Run Playwright Tests	2026-09-02T12:27:52.9792926Z 
Core Validation & E2E	Run Playwright Tests	2026-09-02T12:27:52.9793076Z       23 |
Core Validation & E2E	Run Playwright Tests	2026-09-02T12:27:52.9793765Z       24 |     try {
Core Validation & E2E	Run Playwright Tests	2026-09-02T12:27:52.9794400Z     > 25 |       await page.waitForURL('/', { timeout: 10000 });
Core Validation & E2E	Run Playwright Tests	2026-09-02T12:27:52.9795616Z          |                  ^
Core Validation & E2E	Run Playwright Tests	2026-09-02T12:27:52.9796157Z       26 |     } catch (e) {
Core Validation & E2E	Run Playwright Tests	2026-09-02T12:27:52.9796808Z       27 |       const errorMsg = page.locator('.text-red-500');
Core Validation & E2E	Run Playwright Tests	2026-09-02T12:27:52.9798035Z       28 |       if (await errorMsg.isVisible({ timeout: 2000 })) {
Core Validation & E2E	Run Playwright Tests	2026-09-02T12:27:52.9799136Z         at /mnt/c/Users/krish/actions-runner/_work/ERP-1/ERP-1/apps/web/e2e/auth.setup.ts:25:18
Core Validation & E2E	Run Playwright Tests	2026-09-02T12:27:52.9799994Z 
Core Validation & E2E	Run Playwright Tests	2026-09-02T12:27:52.9801053Z     Error Context: test-results/auth.setup.ts-authenticate-as-guardian-setup/error-context.md
Core Validation & E2E	Run Playwright Tests	2026-09-02T12:27:52.9801786Z 
Core Validation & E2E	Run Playwright Tests	2026-09-02T12:27:52.9802684Z     Retry #1 ───────────────────────────────────────────────────────────────────────────────────────
Core Validation & E2E	Run Playwright Tests	2026-09-02T12:27:52.9803643Z 
Core Validation & E2E	Run Playwright Tests	2026-09-02T12:27:52.9804395Z     TimeoutError: page.waitForURL: Timeout 10000ms exceeded.
Core Validation & E2E	Run Playwright Tests	2026-09-02T12:27:52.9805238Z     =========================== logs ===========================
Core Validation & E2E	Run Playwright Tests	2026-09-02T12:27:52.9806830Z     waiting for navigation to "/" until "load"
Core Validation & E2E	Run Playwright Tests	2026-09-02T12:27:52.9820669Z       navigated to "http://localhost:3000/login"
Core Validation & E2E	Run Playwright Tests	2026-09-02T12:27:52.9821799Z     ============================================================
Core Validation & E2E	Run Playwright Tests	2026-09-02T12:27:52.9822580Z 
Core Validation & E2E	Run Playwright Tests	2026-09-02T12:27:52.9823087Z       23 |
Core Validation & E2E	Run Playwright Tests	2026-09-02T12:27:52.9830303Z       24 |     try {
Core Validation & E2E	Run Playwright Tests	2026-09-02T12:27:52.9830889Z     > 25 |       await page.waitForURL('/', { timeout: 10000 });
Core Validation & E2E	Run Playwright Tests	2026-09-02T12:27:52.9831437Z          |                  ^
Core Validation & E2E	Run Playwright Tests	2026-09-02T12:27:52.9832210Z       26 |     } catch (e) {
Core Validation & E2E	Run Playwright Tests	2026-09-02T12:27:52.9833240Z       27 |       const errorMsg = page.locator('.text-red-500');
Core Validation & E2E	Run Playwright Tests	2026-09-02T12:27:52.9834051Z       28 |       if (await errorMsg.isVisible({ timeout: 2000 })) {
Core Validation & E2E	Run Playwright Tests	2026-09-02T12:27:52.9835078Z         at /mnt/c/Users/krish/actions-runner/_work/ERP-1/ERP-1/apps/web/e2e/auth.setup.ts:25:18
Core Validation & E2E	Run Playwright Tests	2026-09-02T12:27:52.9835744Z 
Core Validation & E2E	Run Playwright Tests	2026-09-02T12:27:52.9836437Z     Error Context: test-results/auth.setup.ts-authenticate-as-guardian-setup-retry1/error-context.md
Core Validation & E2E	Run Playwright Tests	2026-09-02T12:27:52.9837207Z 
Core Validation & E2E	Run Playwright Tests	2026-09-02T12:27:52.9838255Z     attachment #2: trace (application/zip) ─────────────────────────────────────────────────────────
Core Validation & E2E	Run Playwright Tests	2026-09-02T12:27:52.9839432Z     test-results/auth.setup.ts-authenticate-as-guardian-setup-retry1/trace.zip
Core Validation & E2E	Run Playwright Tests	2026-09-02T12:27:52.9840213Z     Usage:
Core Validation & E2E	Run Playwright Tests	2026-09-02T12:27:52.9840443Z 
Core Validation & E2E	Run Playwright Tests	2026-09-02T12:27:52.9841229Z         npx playwright show-trace test-results/auth.setup.ts-authenticate-as-guardian-setup-retry1/trace.zip
Core Validation & E2E	Run Playwright Tests	2026-09-02T12:27:52.9842098Z 
Core Validation & E2E	Run Playwright Tests	2026-09-02T12:27:52.9842929Z     ────────────────────────────────────────────────────────────────────────────────────────────────
Core Validation & E2E	Run Playwright Tests	2026-09-02T12:27:52.9843532Z 
Core Validation & E2E	Run Playwright Tests	2026-09-02T12:27:52.9844695Z     Retry #2 ───────────────────────────────────────────────────────────────────────────────────────
Core Validation & E2E	Run Playwright Tests	2026-09-02T12:27:52.9845348Z 
Core Validation & E2E	Run Playwright Tests	2026-09-02T12:27:52.9846046Z     TimeoutError: page.waitForURL: Timeout 10000ms exceeded.
Core Validation & E2E	Run Playwright Tests	2026-09-02T12:27:52.9846834Z     =========================== logs ===========================
Core Validation & E2E	Run Playwright Tests	2026-09-02T12:27:52.9848283Z     waiting for navigation to "/" until "load"
Core Validation & E2E	Run Playwright Tests	2026-09-02T12:27:52.9849081Z       navigated to "http://localhost:3000/login"
Core Validation & E2E	Run Playwright Tests	2026-09-02T12:27:52.9849750Z     ============================================================
Core Validation & E2E	Run Playwright Tests	2026-09-02T12:27:52.9850143Z 
Core Validation & E2E	Run Playwright Tests	2026-09-02T12:27:52.9850299Z       23 |
Core Validation & E2E	Run Playwright Tests	2026-09-02T12:27:52.9851018Z       24 |     try {
Core Validation & E2E	Run Playwright Tests	2026-09-02T12:27:52.9851642Z     > 25 |       await page.waitForURL('/', { timeout: 10000 });
Core Validation & E2E	Run Playwright Tests	2026-09-02T12:27:52.9852225Z          |                  ^
Core Validation & E2E	Run Playwright Tests	2026-09-02T12:27:52.9852651Z       26 |     } catch (e) {
Core Validation & E2E	Run Playwright Tests	2026-09-02T12:27:52.9853246Z       27 |       const errorMsg = page.locator('.text-red-500');
Core Validation & E2E	Run Playwright Tests	2026-09-02T12:27:52.9854227Z       28 |       if (await errorMsg.isVisible({ timeout: 2000 })) {
Core Validation & E2E	Run Playwright Tests	2026-09-02T12:27:52.9855285Z         at /mnt/c/Users/krish/actions-runner/_work/ERP-1/ERP-1/apps/web/e2e/auth.setup.ts:25:18
Core Validation & E2E	Run Playwright Tests	2026-09-02T12:27:52.9855963Z 
Core Validation & E2E	Run Playwright Tests	2026-09-02T12:27:52.9856661Z     Error Context: test-results/auth.setup.ts-authenticate-as-guardian-setup-retry2/error-context.md
Core Validation & E2E	Run Playwright Tests	2026-09-02T12:27:52.9857460Z 
Core Validation & E2E	Run Playwright Tests	2026-09-02T12:27:52.9862875Z 
Core Validation & E2E	Run Playwright Tests	2026-09-02T12:28:01.4767456Z   6 failed
Core Validation & E2E	Run Playwright Tests	2026-09-02T12:28:01.4769002Z     [setup] › e2e/auth.setup.ts:15:8 › authenticate as superadmin ──────────────────────────────────
Core Validation & E2E	Run Playwright Tests	2026-09-02T12:28:01.4770048Z     [setup] › e2e/auth.setup.ts:15:8 › authenticate as branchadmin ─────────────────────────────────
Core Validation & E2E	Run Playwright Tests	2026-09-02T12:28:01.4778904Z     [setup] › e2e/auth.setup.ts:15:8 › authenticate as teacher ─────────────────────────────────────
Core Validation & E2E	Run Playwright Tests	2026-09-02T12:28:01.4779728Z     [setup] › e2e/auth.setup.ts:15:8 › authenticate as teacher2 ────────────────────────────────────
Core Validation & E2E	Run Playwright Tests	2026-09-02T12:28:01.4780491Z     [setup] › e2e/auth.setup.ts:15:8 › authenticate as teacher_limit ───────────────────────────────
Core Validation & E2E	Run Playwright Tests	2026-09-02T12:28:01.4781226Z     [setup] › e2e/auth.setup.ts:15:8 › authenticate as guardian ────────────────────────────────────
Core Validation & E2E	Run Playwright Tests	2026-09-02T12:28:01.4781683Z   620 did not run
Core Validation & E2E	Run Playwright Tests	2026-09-02T12:28:01.6261104Z ##[error]Process completed with exit code 1.
Core Validation & E2E	Upload Certification Artifacts	﻿2026-09-02T12:27:52.8536835Z Node 20 is being deprecated. This workflow is running with Node 24 by default. If you need to temporarily use Node 20, you can set the ACTIONS_ALLOW_USE_UNSECURE_NODE_VERSION=true environment variable. For more information see: https://github.blog/changelog/2025-09-19-deprecation-of-node-20-on-github-actions-runners/
Core Validation & E2E	Upload Certification Artifacts	2026-09-02T12:27:52.8539966Z ##[group]Run actions/upload-artifact@v4
Core Validation & E2E	Upload Certification Artifacts	2026-09-02T12:27:52.8540365Z with:
Core Validation & E2E	Upload Certification Artifacts	2026-09-02T12:27:52.8540950Z   name: schoolos-certification-artifacts
Core Validation & E2E	Upload Certification Artifacts	2026-09-02T12:27:52.8541712Z   path: apps/web/playwright-report/results.json
Core Validation & E2E	Upload Certification Artifacts	audit-full.json
Core Validation & E2E	Upload Certification Artifacts	audit-prod.json
Core Validation & E2E	Upload Certification Artifacts	
Core Validation & E2E	Upload Certification Artifacts	2026-09-02T12:27:52.8542265Z   retention-days: 14
Core Validation & E2E	Upload Certification Artifacts	2026-09-02T12:27:52.8542497Z   if-no-files-found: warn
Core Validation & E2E	Upload Certification Artifacts	2026-09-02T12:27:52.8542725Z   compression-level: 6
Core Validation & E2E	Upload Certification Artifacts	2026-09-02T12:27:52.8543212Z   overwrite: false
Core Validation & E2E	Upload Certification Artifacts	2026-09-02T12:27:52.8543505Z   include-hidden-files: false
Core Validation & E2E	Upload Certification Artifacts	2026-09-02T12:27:52.8543765Z env:
Core Validation & E2E	Upload Certification Artifacts	2026-09-02T12:27:52.8544017Z   NEXT_PUBLIC_SUPABASE_URL: http://127.0.0.1:54321
Core Validation & E2E	Upload Certification Artifacts	2026-09-02T12:27:52.8545206Z   NEXT_PUBLIC_SUPABASE_ANON_KEY: ***
Core Validation & E2E	Upload Certification Artifacts	2026-09-02T12:27:52.8546769Z   SUPABASE_SERVICE_ROLE_KEY: ***
Core Validation & E2E	Upload Certification Artifacts	2026-09-02T12:27:52.8547103Z ##[endgroup]
Core Validation & E2E	Upload Certification Artifacts	2026-09-02T12:27:54.5166314Z (node:40149) [DEP0040] DeprecationWarning: The `punycode` module is deprecated. Please use a userland alternative instead.
Core Validation & E2E	Upload Certification Artifacts	2026-09-02T12:27:54.5167241Z (Use `node --trace-deprecation ...` to show where the warning was created)
Core Validation & E2E	Upload Certification Artifacts	2026-09-02T12:27:54.5401501Z Multiple search paths detected. Calculating the least common ancestor of all paths
Core Validation & E2E	Upload Certification Artifacts	2026-09-02T12:27:54.5406825Z The least common ancestor is /mnt/c/Users/krish/actions-runner/_work/ERP-1/ERP-1. This will be the root directory of the artifact
Core Validation & E2E	Upload Certification Artifacts	2026-09-02T12:27:54.5408156Z With the provided path, there will be 3 files uploaded
Core Validation & E2E	Upload Certification Artifacts	2026-09-02T12:27:54.5414576Z Artifact name is valid!
Core Validation & E2E	Upload Certification Artifacts	2026-09-02T12:27:54.5419458Z Root directory input is valid!
Core Validation & E2E	Upload Certification Artifacts	2026-09-02T12:27:56.5696891Z Beginning upload of artifact content to blob storage
Core Validation & E2E	Upload Certification Artifacts	2026-09-02T12:27:56.6824435Z (node:40149) [DEP0169] DeprecationWarning: `url.parse()` behavior is not standardized and prone to errors that have security implications. Use the WHATWG URL API instead. CVEs are not issued for `url.parse()` vulnerabilities.
Core Validation & E2E	Upload Certification Artifacts	2026-09-02T12:27:58.5143207Z Uploaded bytes 26294
Core Validation & E2E	Upload Certification Artifacts	2026-09-02T12:27:58.8180823Z Finished uploading artifact content to blob storage!
Core Validation & E2E	Upload Certification Artifacts	2026-09-02T12:27:58.8182450Z SHA256 digest of uploaded artifact zip is 217d6beea5f2130ca4f4cf5140e959d908b10fb64b5f6b2a4b6775ba5e526ac2
Core Validation & E2E	Upload Certification Artifacts	2026-09-02T12:27:58.8183508Z Finalizing artifact upload
Core Validation & E2E	Upload Certification Artifacts	2026-09-02T12:27:59.3862442Z Artifact schoolos-certification-artifacts.zip successfully finalized. Artifact ID 9846397164
Core Validation & E2E	Upload Certification Artifacts	2026-09-02T12:27:59.3863640Z Artifact schoolos-certification-artifacts has been successfully uploaded! Final size is 26294 bytes. Artifact ID is 9846397164
Core Validation & E2E	Upload Certification Artifacts	2026-09-02T12:27:59.4036611Z Artifact download URL: https://github.com/krishbindal/ERP-1/actions/runs/33626903326/artifacts/9846397164
Core Validation & E2E	Stop Local Supabase	﻿2026-09-02T12:27:59.5503014Z ##[group]Run chmod +x scripts/ci-cleanup.sh
Core Validation & E2E	Stop Local Supabase	2026-09-02T12:27:59.5503719Z ^[[36;1mchmod +x scripts/ci-cleanup.sh^[[0m
Core Validation & E2E	Stop Local Supabase	2026-09-02T12:27:59.5507630Z ^[[36;1m./scripts/ci-cleanup.sh^[[0m
Core Validation & E2E	Stop Local Supabase	2026-09-02T12:27:59.5720938Z shell: /usr/bin/bash -e {0}
Core Validation & E2E	Stop Local Supabase	2026-09-02T12:27:59.5721337Z env:
Core Validation & E2E	Stop Local Supabase	2026-09-02T12:27:59.5721680Z   NEXT_PUBLIC_SUPABASE_URL: http://127.0.0.1:54321
Core Validation & E2E	Stop Local Supabase	2026-09-02T12:27:59.5723091Z   NEXT_PUBLIC_SUPABASE_ANON_KEY: ***
Core Validation & E2E	Stop Local Supabase	2026-09-02T12:27:59.5724346Z   SUPABASE_SERVICE_ROLE_KEY: ***
Core Validation & E2E	Stop Local Supabase	2026-09-02T12:27:59.5724654Z ##[endgroup]
Core Validation & E2E	Stop Local Supabase	2026-09-02T12:27:59.6307392Z Stopping Supabase...
Core Validation & E2E	Stop Local Supabase	2026-09-02T12:28:40.1769278Z Stopping containers...
Core Validation & E2E	Stop Local Supabase	2026-09-02T12:28:52.0057179Z Stopped supabase local development setup.
Core Validation & E2E	Stop Local Supabase	2026-09-02T12:28:52.8591835Z A new version of Supabase CLI is available: v2.116.0 (currently installed v2.115.0)
Core Validation & E2E	Stop Local Supabase	2026-09-02T12:28:52.8593710Z We recommend updating regularly for new features and bug fixes: https://supabase.com/docs/guides/cli/getting-started#updating-the-supabase-cli
Core Validation & E2E	Stop Local Supabase	2026-09-02T12:28:52.9221162Z Identifying stale ERP_1 containers...
Core Validation & E2E	Stop Local Supabase	2026-09-02T12:28:52.9901093Z Identifying stale ERP_1 networks...
Core Validation & E2E	Stop Local Supabase	2026-09-02T12:28:53.0640271Z Identifying stale ERP_1 volumes...
Core Validation & E2E	Stop Local Supabase	2026-09-02T12:28:53.1340786Z Verifying zero stale ERP_1 state...
Core Validation & E2E	Stop Local Supabase	2026-09-02T12:28:53.3489871Z Cleanup complete and verified.
Core Validation & E2E	Cleanup Workspace	﻿2026-09-02T12:28:53.4853728Z ##[group]Run pkill -f "playwright" || true
Core Validation & E2E	Cleanup Workspace	2026-09-02T12:28:53.4854551Z ^[[36;1mpkill -f "playwright" || true^[[0m
Core Validation & E2E	Cleanup Workspace	2026-09-02T12:28:53.4854856Z ^[[36;1mpkill -f "chrome" || true^[[0m
Core Validation & E2E	Cleanup Workspace	2026-09-02T12:28:53.4855133Z ^[[36;1mpkill -f "webkit" || true^[[0m
Core Validation & E2E	Cleanup Workspace	2026-09-02T12:28:53.4855395Z ^[[36;1mpkill -f "next" || true^[[0m
Core Validation & E2E	Cleanup Workspace	2026-09-02T12:28:53.4855686Z ^[[36;1mpkill -f "supabase functions serve" || true^[[0m
Core Validation & E2E	Cleanup Workspace	2026-09-02T12:28:53.4856022Z ^[[36;1mgit clean -ffdx && git reset --hard HEAD^[[0m
Core Validation & E2E	Cleanup Workspace	2026-09-02T12:28:53.5083911Z shell: /usr/bin/bash -e {0}
Core Validation & E2E	Cleanup Workspace	2026-09-02T12:28:53.5084322Z env:
Core Validation & E2E	Cleanup Workspace	2026-09-02T12:28:53.5084658Z   NEXT_PUBLIC_SUPABASE_URL: http://127.0.0.1:54321
Core Validation & E2E	Cleanup Workspace	2026-09-02T12:28:53.5085864Z   NEXT_PUBLIC_SUPABASE_ANON_KEY: ***
Core Validation & E2E	Cleanup Workspace	2026-09-02T12:28:53.5086906Z   SUPABASE_SERVICE_ROLE_KEY: ***
Core Validation & E2E	Cleanup Workspace	2026-09-02T12:28:53.5087159Z ##[endgroup]
Core Validation & E2E	Cleanup Workspace	2026-09-02T12:32:30.2917509Z Removing apps/mobile/.expo/
Core Validation & E2E	Cleanup Workspace	2026-09-02T12:32:30.2918538Z Removing apps/mobile/node_modules/
Core Validation & E2E	Cleanup Workspace	2026-09-02T12:32:30.2919183Z Removing apps/web/.next/
Core Validation & E2E	Cleanup Workspace	2026-09-02T12:32:30.2919550Z Removing apps/web/coverage/
Core Validation & E2E	Cleanup Workspace	2026-09-02T12:32:30.2920594Z Removing apps/web/next-env.d.ts
Core Validation & E2E	Cleanup Workspace	2026-09-02T12:32:30.2921131Z Removing apps/web/node_modules/
Core Validation & E2E	Cleanup Workspace	2026-09-02T12:32:30.2921788Z Removing apps/web/playwright-report/
Core Validation & E2E	Cleanup Workspace	2026-09-02T12:32:30.2922463Z Removing apps/web/test-results/
Core Validation & E2E	Cleanup Workspace	2026-09-02T12:32:30.2923111Z Removing apps/web/tsconfig.tsbuildinfo
Core Validation & E2E	Cleanup Workspace	2026-09-02T12:32:30.2923935Z Removing audit-full.json
Core Validation & E2E	Cleanup Workspace	2026-09-02T12:32:30.2924241Z Removing audit-prod.json
Core Validation & E2E	Cleanup Workspace	2026-09-02T12:32:30.2924503Z Removing node_modules/
Core Validation & E2E	Cleanup Workspace	2026-09-02T12:32:30.2925465Z Removing reset_output.log
Core Validation & E2E	Cleanup Workspace	2026-09-02T12:32:30.2926113Z Removing start_output.log
Core Validation & E2E	Cleanup Workspace	2026-09-02T12:32:30.2926489Z Removing supabase/.branches/
Core Validation & E2E	Cleanup Workspace	2026-09-02T12:32:30.2927068Z Removing supabase/.env.local
Core Validation & E2E	Cleanup Workspace	2026-09-02T12:32:30.2927673Z Removing supabase/.temp/
Core Validation & E2E	Cleanup Workspace	2026-09-02T12:32:32.1949730Z HEAD is now at bacbcad fix: move pgbench concurrency tests out of pgTAP db test directory to prevent CI failures
Core Validation & E2E	Post Checkout commit	﻿2026-09-02T12:32:32.3794533Z Post job cleanup.
Core Validation & E2E	Post Checkout commit	2026-09-02T12:32:33.3058684Z [command]/usr/bin/git version
Core Validation & E2E	Post Checkout commit	2026-09-02T12:32:33.3144710Z git version 2.43.0
Core Validation & E2E	Post Checkout commit	2026-09-02T12:32:33.3207325Z Copying '/home/krish/.gitconfig' to '/mnt/c/Users/krish/actions-runner/_work/_temp/fc524749-63f9-4286-b0b4-477a039f8e65/.gitconfig'
Core Validation & E2E	Post Checkout commit	2026-09-02T12:32:33.3319323Z Temporarily overriding HOME='/mnt/c/Users/krish/actions-runner/_work/_temp/fc524749-63f9-4286-b0b4-477a039f8e65' before making global git config changes
Core Validation & E2E	Post Checkout commit	2026-09-02T12:32:33.3321537Z Adding repository directory to the temporary git global config as a safe directory
Core Validation & E2E	Post Checkout commit	2026-09-02T12:32:33.3331120Z [command]/usr/bin/git config --global --add safe.directory /mnt/c/Users/krish/actions-runner/_work/ERP-1/ERP-1
Core Validation & E2E	Post Checkout commit	2026-09-02T12:32:33.3909384Z [command]/usr/bin/git config --local --name-only --get-regexp core\.sshCommand
Core Validation & E2E	Post Checkout commit	2026-09-02T12:32:33.4408272Z [command]/usr/bin/git submodule foreach --recursive sh -c "git config --local --name-only --get-regexp 'core\.sshCommand' && git config --local --unset-all 'core.sshCommand' || :"
Core Validation & E2E	Post Checkout commit	2026-09-02T12:32:33.3239913Z [command]/usr/bin/git config --local --name-only --get-regexp http\.https\:\/\/github\.com\/\.extraheader
Core Validation & E2E	Post Checkout commit	2026-09-02T12:32:33.3719543Z http.https://github.com/.extraheader
Core Validation & E2E	Post Checkout commit	2026-09-02T12:32:33.3743219Z [command]/usr/bin/git config --local --unset-all http.https://github.com/.extraheader
Core Validation & E2E	Post Checkout commit	2026-09-02T12:32:33.4351079Z [command]/usr/bin/git submodule foreach --recursive sh -c "git config --local --name-only --get-regexp 'http\.https\:\/\/github\.com\/\.extraheader' && git config --local --unset-all 'http.https://github.com/.extraheader' || :"
Core Validation & E2E	Post Checkout commit	2026-09-02T12:32:33.8057107Z [command]/usr/bin/git config --local --name-only --get-regexp ^includeIf\.gitdir:
Core Validation & E2E	Post Checkout commit	2026-09-02T12:32:33.8506912Z [command]/usr/bin/git submodule foreach --recursive git config --local --show-origin --name-only --get-regexp remote.origin.url
Core Validation & E2E	Complete job	﻿2026-09-02T12:32:34.3006699Z Cleaning up orphan processes
Core Validation & E2E	Complete job	2026-09-02T12:32:34.3163863Z ##[warning]Node.js 20 is deprecated. The following actions target Node.js 20 but are being forced to run on Node.js 24: actions/upload-artifact@v4. For more information see: https://github.blog/changelog/2025-09-19-deprecation-of-node-20-on-github-actions-runners/
